// Jest Snapshot v1, https://goo.gl/fbAQLP

exports[`SuccessLabel Component should match the snapshot 1`] = `
<Alert
  className="status-box"
  closeLabel="Close alert"
  show={true}
  transition={[Function]}
  variant="success"
>
  Success 
</Alert>
`;
