// Jest Snapshot v1, https://goo.gl/fbAQLP

exports[`Google Login should render without errors 1`] = `ShallowWrapper {}`;
