// Jest Snapshot v1, https://goo.gl/fbAQLP

exports[`Pagination this should render without a problem 1`] = `ReactWrapper {}`;
