// Jest Snapshot v1, https://goo.gl/fbAQLP

exports[`Landing Component should match the snapshot 1`] = `
<div
  className="landing"
>
  <div>
    <RecommendedArticles
      recommendedArticles={Array []}
    />
    <LatestArticles
      latestArticles={Array []}
    />
  </div>
</div>
`;
