// Jest Snapshot v1, https://goo.gl/fbAQLP

exports[`App Component should match the snapshot 1`] = `
<BrowserRouter>
  <HeaderSection />
  <ToastContainer
    autoClose={5000}
    bodyClassName={null}
    className={null}
    closeButton={
      <CloseButton
        ariaLabel="close"
      />
    }
    closeOnClick={true}
    draggable={true}
    draggablePercent={80}
    hideProgressBar={false}
    newestOnTop={false}
    pauseOnFocusLoss={true}
    pauseOnHover={true}
    position="top-right"
    progressClassName={null}
    progressStyle={null}
    role="alert"
    rtl={false}
    style={null}
    toastClassName={null}
    transition={[Function]}
  />
  <Route
    component={
      Object {
        "$$typeof": Symbol(react.memo),
        "WrappedComponent": [Function],
        "compare": null,
        "displayName": "Connect(LoginContainer)",
        "type": [Function],
      }
    }
    exact={true}
    path="/login"
  />
  <Switch>
    <Route
      component={
        Object {
          "$$typeof": Symbol(react.memo),
          "WrappedComponent": [Function],
          "compare": null,
          "displayName": "Connect(Landing)",
          "type": [Function],
        }
      }
      exact={true}
      path="/"
    />
    <Route
      component={
        Object {
          "$$typeof": Symbol(react.memo),
          "WrappedComponent": [Function],
          "compare": null,
          "displayName": "Connect(Landing)",
          "type": [Function],
        }
      }
      path="/about"
    />
    <Route
      component={
        Object {
          "$$typeof": Symbol(react.memo),
          "WrappedComponent": [Function],
          "compare": null,
          "displayName": "Connect(SignUpUserForm)",
          "type": [Function],
        }
      }
      path="/signup"
    />
  </Switch>
  <FootSection />
</BrowserRouter>
`;
